**********************
Windows PowerShell transcript start
Start time: 20260930104815
Username: STEADFAST\fabian
RunAs User: STEADFAST\fabian
Configuration Name: 
Machine: DELL-7020-07 (Microsoft Windows NT 10.0.26200.0)
Host Application: powershell.exe -NoProfile -ExecutionPolicy Bypass -File C:\Users\fabian\Downloads\Calc_Continuity_Manual_Only_0930.1043\Calc_Continuity_Manual_Only_0930.1043\Apply_Update.ps1
Process ID: 29720
PSVersion: 5.1.26100.9549
PSEdition: Desktop
PSCompatibleVersions: 1.0, 2.0, 3.0, 4.0, 5.0, 5.1.26100.9549
BuildVersion: 10.0.26100.9549
CLRVersion: 4.0.30319.42000
WSManStackVersion: 3.0
PSRemotingProtocolVersion: 2.3
SerializationVersion: 1.1.0.1
**********************



[+] copy 1/1
 ✔ freight-calc-v16-db-1 Copied freight-calc-v16-db-1:/tmp/calc_product_master_bb4cc62f7951468e8980db9563cf1282.dump to C:\D... 0.1s

[+] stop 1/1
 ✔ Container freight-calc-v16-web-1 Stopped                                                                                     3.3s
Container freight-calc-v16-web-run-5864788ee19f Creating
Container freight-calc-v16-web-run-5864788ee19f Created
Found 250 test(s).
Creating test database for alias 'default'...
System check identified no issues (0 silenced).
....................................................................................................................................
.................................................................................Repair review cleanup complete: 1 file(s), 1 stagin
g object(s) removed.
.....................................
----------------------------------------------------------------------
Ran 250 tests in 12.187s

OK
Destroying test database for alias 'default'...
[+] up 2/2
 ✔ Container freight-calc-v16-db-1  Running                                                                                     0.0s
 ✔ Container freight-calc-v16-web-1 Started                                                                                     0.2s
System check identified no issues (0 silenced).
No changes detected
Calculator App manual-only snapshot policy installed; operational data unchanged.
Backup: C:\Docker-Projects\Freight-Calc-v1.6\update_backups\Calc_Continuity_Manual_Only_0930.1043
**********************
Windows PowerShell transcript end
End time: 20260930104848
**********************
