**********************
Windows PowerShell transcript start
Start time: 20260925083011
Username: STEADFAST\fabian
RunAs User: STEADFAST\fabian
Configuration Name: 
Machine: DELL-7020-07 (Microsoft Windows NT 10.0.26200.0)
Host Application: powershell.exe -NoProfile -ExecutionPolicy Bypass -File C:\Users\fabian\Downloads\Calc_Customers_Import_0925.0824\Calc_Customers_Import_0925.0824\Apply_Update.ps1
Process ID: 12896
PSVersion: 5.1.26100.9444
PSEdition: Desktop
PSCompatibleVersions: 1.0, 2.0, 3.0, 4.0, 5.0, 5.1.26100.9444
BuildVersion: 10.0.26100.9444
CLRVersion: 4.0.30319.42000
WSManStackVersion: 3.0
PSRemotingProtocolVersion: 2.3
SerializationVersion: 1.1.0.1
**********************




[+] copy 1/1
 ✔ freight-calc-v16-db-1 Copied freight-calc-v16-db-1:/tmp/calc_customer_64469d27f4724e09907cff266ec80345.dump t... 0.1s

[+] stop 1/1
 ✔ Container freight-calc-v16-web-1 Stopped                                                                         3.4s
Container freight-calc-v16-web-run-096ccd7b4b54 Creating
Container freight-calc-v16-web-run-096ccd7b4b54 Created
Found 213 test(s).
Creating test database for alias 'default'...
System check identified no issues (0 silenced).
........................................................................................................................
......................................Repair review cleanup complete: 1 file(s), 1 staging object(s) removed.
.......................................................
----------------------------------------------------------------------
Ran 213 tests in 6.806s

OK
Destroying test database for alias 'default'...
Container freight-calc-v16-web-run-30afd65f7867 Creating
Container freight-calc-v16-web-run-30afd65f7867 Created
Operations to perform:
  Target specific migration: 0002_alter_client_options_customer_customerimport, from clients
Running migrations:
  Applying clients.0002_alter_client_options_customer_customerimport... OK
[+] up 2/2
 ✔ Container freight-calc-v16-db-1  Running                                                                         0.0s
 ✔ Container freight-calc-v16-web-1 Started                                                                         0.1s
System check identified no issues (0 silenced).
No changes detected

Customer master functionality installed; operational data unchanged and web restarted.
Backups: C:\Docker-Projects\Freight-Calc-v1.6\update_backups\Calc_Customers_Import_0925.0824
**********************
Windows PowerShell transcript end
End time: 20260925083044
**********************
