**********************
Windows PowerShell transcript start
Start time: 20260925083356
Username: STEADFAST\fabian
RunAs User: STEADFAST\fabian
Configuration Name: 
Machine: DELL-7020-07 (Microsoft Windows NT 10.0.26200.0)
Host Application: powershell.exe -NoProfile -ExecutionPolicy Bypass -File C:\Users\fabian\Downloads\Calc_Customers_Import_0925.0824\Calc_Customers_Import_0925.0824\Verify_Update.ps1
Process ID: 15248
PSVersion: 5.1.26100.9444
PSEdition: Desktop
PSCompatibleVersions: 1.0, 2.0, 3.0, 4.0, 5.0, 5.1.26100.9444
BuildVersion: 10.0.26100.9444
CLRVersion: 4.0.30319.42000
WSManStackVersion: 3.0
PSRemotingProtocolVersion: 2.3
SerializationVersion: 1.1.0.1
**********************
System check identified no issues (0 silenced).
No changes detected
Current state: {"audit_events": 145, "calculator_customers": 3, "client_sku_identity": true, "correction_rounds": 3, "customer_imports": 0, "customers": 0, "migration_applied": true, "product_state_sha256": "79d763f9c59fd197a50758831e404d0b5e82286d24370e9905e034cc0745d472", "products": 229, "quotations": 15, "reconciliation_decisions": 232, "reconciliation_memory": 253}
Calculator App Customer installation verified.
**********************
Windows PowerShell transcript end
End time: 20260925083402
**********************
