**********************
Windows PowerShell transcript start
Start time: 20260928131003
Username: STEADFAST\fabian
RunAs User: STEADFAST\fabian
Configuration Name: 
Machine: DELL-7020-07 (Microsoft Windows NT 10.0.26200.0)
Host Application: powershell.exe -NoProfile -ExecutionPolicy Bypass -File C:\Users\fabian\Downloads\Calc_Product_Reconciliation_Review_Status_0928.1307\Calc_Product_Reconciliation_Review_Status_0928.1307\Apply_Update.ps1
Process ID: 19908
PSVersion: 5.1.26100.9549
PSEdition: Desktop
PSCompatibleVersions: 1.0, 2.0, 3.0, 4.0, 5.0, 5.1.26100.9549
BuildVersion: 10.0.26100.9549
CLRVersion: 4.0.30319.42000
WSManStackVersion: 3.0
PSRemotingProtocolVersion: 2.3
SerializationVersion: 1.1.0.1
**********************
Baseline content matches; line-ending difference only: C:\Docker-Projects\Freight-Calc-v1.6\app\templates\admin\imports\product_reconciliation_workspace.html
Baseline content matches; line-ending difference only: C:\Docker-Projects\Freight-Calc-v1.6\app\apps\imports\tests\test_product_correction_bulk_ui.py



[+] copy 1/1
 ✔ freight-calc-v16-db-1 Copied freight-calc-v16-db-1:/tmp/calc_product_master_94b496a67895435388264ec73c455f48.dump to C:\D... 0.1s

[+] stop 1/1
 ✔ Container freight-calc-v16-web-1 Stopped                                                                                     3.5s
Container freight-calc-v16-web-run-2dad40a09e7d Creating
Container freight-calc-v16-web-run-2dad40a09e7d Created
Found 252 test(s).
Creating test database for alias 'default'...
System check identified no issues (0 silenced).
....................................................................................................................................
.................................................................Repair review cleanup complete: 1 file(s), 1 staging object(s) remo
ved.
.......................................................
----------------------------------------------------------------------
Ran 252 tests in 8.944s

OK
Destroying test database for alias 'default'...
[+] up 2/2
 ✔ Container freight-calc-v16-db-1  Running                                                                                     0.0s
 ✔ Container freight-calc-v16-web-1 Started                                                                                     0.2s
System check identified no issues (0 silenced).
No changes detected
Product Reconciliation review status filter installed; operational data unchanged.
Backup: C:\Docker-Projects\Freight-Calc-v1.6\update_backups\Calc_Product_Reconciliation_Review_Status_0928.1307
**********************
Windows PowerShell transcript end
End time: 20260928131034
**********************
