**********************
Windows PowerShell transcript start
Start time: 20260925134237
Username: STEADFAST\fabian
RunAs User: STEADFAST\fabian
Configuration Name: 
Machine: DELL-7020-07 (Microsoft Windows NT 10.0.26200.0)
Host Application: powershell.exe -NoProfile -ExecutionPolicy Bypass -File C:\Users\fabian\Downloads\Calc_Correction_Rounds_Zero_Dimensions_0925.1340\Calc_Correction_Rounds_Zero_Dimensions_0925.1340\Apply_Update.ps1
Process ID: 10652
PSVersion: 5.1.26100.9444
PSEdition: Desktop
PSCompatibleVersions: 1.0, 2.0, 3.0, 4.0, 5.0, 5.1.26100.9444
BuildVersion: 10.0.26100.9444
CLRVersion: 4.0.30319.42000
WSManStackVersion: 3.0
PSRemotingProtocolVersion: 2.3
SerializationVersion: 1.1.0.1
**********************



[+] copy 1/1
 ✔ freight-calc-v16-db-1 Copied freight-calc-v16-db-1:/tmp/calc_product_master_2bdc74b2df6a4fea9b7c04e0afd69752.dump to C:\D... 0.1s

[+] stop 1/1
 ✔ Container freight-calc-v16-web-1 Stopped                                                                                     3.4s
Container freight-calc-v16-web-run-437af6a0fdc9 Creating
Container freight-calc-v16-web-run-437af6a0fdc9 Created
Found 237 test(s).
Creating test database for alias 'default'...
System check identified no issues (0 silenced).
....................................................................................................................................
..................................................Repair review cleanup complete: 1 file(s), 1 staging object(s) removed.
.......................................................
----------------------------------------------------------------------
Ran 237 tests in 8.331s

OK
Destroying test database for alias 'default'...
[+] up 2/2
 ✔ Container freight-calc-v16-db-1  Running                                                                                     0.0s
 ✔ Container freight-calc-v16-web-1 Started                                                                                     0.1s


Bulk zero-Source dimension Correction Rounds installed; operational data unchanged.
Backup: C:\Docker-Projects\Freight-Calc-v1.6\update_backups\Calc_Correction_Rounds_Zero_Dimensions_0925.1340
**********************
Windows PowerShell transcript end
End time: 20260925134308
**********************
