**********************
Windows PowerShell transcript start
Start time: 20260925104747
Username: STEADFAST\fabian
RunAs User: STEADFAST\fabian
Configuration Name: 
Machine: DELL-7020-07 (Microsoft Windows NT 10.0.26200.0)
Host Application: powershell.exe -NoProfile -ExecutionPolicy Bypass -File C:\Users\fabian\Downloads\Calc_Product_Master_0925.1015\Calc_Product_Master_0925.1015\Apply_Update.ps1
Process ID: 24168
PSVersion: 5.1.26100.9444
PSEdition: Desktop
PSCompatibleVersions: 1.0, 2.0, 3.0, 4.0, 5.0, 5.1.26100.9444
BuildVersion: 10.0.26100.9444
CLRVersion: 4.0.30319.42000
WSManStackVersion: 3.0
PSRemotingProtocolVersion: 2.3
SerializationVersion: 1.1.0.1
**********************



[+] copy 1/1
 ✔ freight-calc-v16-db-1 Copied freight-calc-v16-db-1:/tmp/calc_product_master_3c25ec4f8233444da6062831c737fb5b.... 0.1s

[+] stop 1/1
 ✔ Container freight-calc-v16-web-1 Stopped                                                                         3.3s
Container freight-calc-v16-web-run-5009989dc2f5 Creating
Container freight-calc-v16-web-run-5009989dc2f5 Created
Found 226 test(s).
Creating test database for alias 'default'...
System check identified no issues (0 silenced).
........................................................................................................................
...................................................Repair review cleanup complete: 1 file(s), 1 staging object(s) remove
d.
.......................................................
----------------------------------------------------------------------
Ran 226 tests in 7.635s

OK
Destroying test database for alias 'default'...
Container freight-calc-v16-web-run-ab97d851242b Creating
Container freight-calc-v16-web-run-ab97d851242b Created
Operations to perform:
  Target specific migration: 0016_productmaster, from imports
Running migrations:
  Applying imports.0016_productmaster... OK
[+] up 2/2
 ✔ Container freight-calc-v16-db-1  Running                                                                         0.0s
 ✔ Container freight-calc-v16-web-1 Started                                                                         0.2s
System check identified no issues (0 silenced).
No changes detected
Global Product Master installed; existing operational data unchanged.
Backup: C:\Docker-Projects\Freight-Calc-v1.6\update_backups\Calc_Product_Master_0925.1015
**********************
Windows PowerShell transcript end
End time: 20260925104820
**********************
